com.example.batch.common.kafka.BatchEventMessage{businessKey:String,eventName:String,eventTime:Instant,ext:Map,idempotencyKey:String,instanceNo:String,jobCode:String,key:String,messageType:BatchMessageType,partitionId:String,payload:Map,producer:String,requestId:String,schemaVersion:String,taskId:String,tenantId:String,topic:String,traceId:String}
com.example.batch.common.kafka.BatchRetryMessage{attemptNo:int,idempotencyKey:String,instanceNo:String,jobCode:String,maxAttempts:int,nextRetryAt:Instant,partitionId:String,payload:Map,retryKey:String,retryReason:String,schemaVersion:String,taskId:String,tenantId:String,traceId:String}
com.example.batch.common.kafka.TaskDispatchMessage{dispatchAt:Instant,idempotencyKey:String,instanceNo:String,jobCode:String,jobInstanceId:Long,jobPartitionId:Long,partitionCount:Integer,partitionNo:Integer,priorityBand:String,schedulingContext:SchedulingContext,schemaVersion:String,selectedWorkerId:String,taskId:Long,tenantId:String,traceId:String,workerType:String}
com.example.batch.common.kafka.BatchDeadLetterMessage{attemptNo:int,deadAt:Instant,deadLetterKey:String,deadReason:String,idempotencyKey:String,instanceNo:String,jobCode:String,partitionId:String,payload:Map,schemaVersion:String,taskId:String,tenantId:String,traceId:String}
com.example.batch.common.kafka.SchedulingContext{attemptNo:Integer,bizDate:LocalDate,isHoliday:Boolean,nextBizDate:LocalDate,prevBizDate:LocalDate,triggerCode:String,triggerType:String,workflowRunId:Long}
com.example.batch.common.dto.LaunchEnvelope{dedupKey:String,envelopeVersion:int,launchRequest:LaunchRequest,sourceFireTime:Instant}
